[2026-08-22 20:04:01] Health: OK (200)
[2026-08-22 20:04:01] Disk: 53% used (threshold: 80%)
[2026-08-22 20:04:01] Cert: 80 days remaining
[2026-08-22 20:04:02] Docker: app=Up 39 seconds, db=Up About a minute (healthy)
[2026-08-22 20:04:02] DB dead tuples: 0
[2026-08-22 20:04:02] WAL archives: 4 files
[2026-08-22 20:05:01] Health: OK (200)
[2026-08-22 20:05:01] Disk: 53% used (threshold: 80%)
[2026-08-22 20:05:01] Cert: 80 days remaining
[2026-08-22 20:05:01] Docker: app=Up About a minute, db=Up 2 minutes (healthy)
[2026-08-22 20:05:01] DB dead tuples: 0
[2026-08-22 20:05:01] WAL archives: 4 files
[2026-08-22 20:06:01] Health: OK (200)
[2026-08-22 20:06:01] Disk: 53% used (threshold: 80%)
[2026-08-22 20:06:01] Cert: 80 days remaining
[2026-08-22 20:06:01] Docker: app=Up 2 minutes, db=Up 3 minutes (healthy)
[2026-08-22 20:06:01] DB dead tuples: 0
[2026-08-22 20:06:01] WAL archives: 4 files
[2026-08-22 20:07:01] Health: OK (200)
[2026-08-22 20:07:01] Disk: 53% used (threshold: 80%)
[2026-08-22 20:07:01] Cert: 80 days remaining
[2026-08-22 20:07:01] Docker: app=Up 3 minutes, db=Up 4 minutes (healthy)
[2026-08-22 20:07:01] DB dead tuples: 0
[2026-08-22 20:07:01] WAL archives: 4 files
[2026-08-22 20:08:01] Health: OK (200)
[2026-08-22 20:08:01] Disk: 53% used (threshold: 80%)
[2026-08-22 20:08:01] Cert: 80 days remaining
[2026-08-22 20:08:01] Docker: app=Up 4 minutes, db=Up 5 minutes (healthy)
[2026-08-22 20:08:01] DB dead tuples: 0
[2026-08-22 20:08:01] WAL archives: 5 files
[2026-08-22 20:08:53] Health: OK (200)
[2026-08-22 20:08:53] Disk: 52% used (threshold: 80%)
[2026-08-22 20:08:53] Cert: 80 days remaining
[2026-08-22 20:08:53] Docker: app=Up 5 minutes, db=Up 6 minutes (healthy)
[2026-08-22 20:08:53] DB dead tuples: 0
[2026-08-22 20:08:53] WAL archives: 5 files
